<html>
<body>
<pre>
<h1>µVision Build Log</h1>
<h2>Tool Versions:</h2>
IDE-Version: ¦ÌVision V5.38.0.0
Copyright (C) 2022 ARM Ltd and ARM Germany GmbH. All rights reserved.
License Information: py S, null, LIC=KRMW3-ARQWL-TGS7T-R56CT-6UJX3-6E4M5
 
Tool Versions:
Toolchain:       MDK-ARM Plus  Version: 5.38.0.0
Toolchain Path:  E:\Applications\Keil_5\ARM\ARMCC\Bin
C Compiler:      Armcc.exe V5.06 update 6 (build 750)
Assembler:       Armasm.exe V5.06 update 6 (build 750)
Linker/Locator:  ArmLink.exe V5.06 update 6 (build 750)
Library Manager: ArmAr.exe V5.06 update 6 (build 750)
Hex Converter:   FromElf.exe V5.06 update 6 (build 750)
CPU DLL:         SARMCM3.DLL V5.38.0.0
Dialog DLL:      DCM.DLL V1.17.5.0
Target DLL:      CMSIS_AGDI.dll V1.33.15.0
Dialog DLL:      TCM.DLL V1.56.4.0
 
<h2>Project:</h2>
C:\Users\asus\Desktop\Á½À¦Ïß³µ£¨115200£©\USER\LCD.uvprojx
Project File Date:  11/02/2023

<h2>Output:</h2>
*** Using Compiler 'V5.06 update 6 (build 750)', folder: 'E:\Applications\Keil_5\ARM\ARMCC\Bin'
Rebuild target 'LCD'
compiling system_stm32f10x.c...
compiling tcs.c...
compiling main.c...
main.c(3122): warning:  #111-D: statement is unreachable
  	new_key_flag=0x00;
main.c(2742): warning:  #550-D: variable "jj"  was set but never used
      int jj;
main.c(2743): warning:  #177-D: variable "tempxxa"  was declared but never referenced
  	float tempxxa=0;
main.c: 3 warnings, 0 errors
compiling key.c...
compiling cfg.c...
compiling ult.c...
compiling delay.c...
compiling stm32f10x_it.c...
compiling led.c...
compiling CorrectDirection.c...
compiling motor.c...
compiling banyun1.c...
compiling DataScope_DP.C...
compiling timer.c...
assembling startup_stm32f10x_hd.s...
compiling usart.c...
compiling core_cm3.c...
compiling sys.c...
compiling misc.c...
compiling stm32f10x_gpio.c...
compiling stm32f10x_fsmc.c...
compiling stm32f10x_exti.c...
compiling stm32f10x_rcc.c...
compiling stm32f10x_usart.c...
compiling run.c...
compiling stm32f10x_flash.c...
compiling stm32f10x_tim.c...
linking...
Program Size: Code=74928 RO-data=560 RW-data=1444 ZI-data=6020  
FromELF: creating hex file...
"..\OBJ\LCD.axf" - 0 Error(s), 3 Warning(s).

<h2>Software Packages used:</h2>

Package Vendor: Keil
                https://www.keil.com/pack/Keil.STM32F1xx_DFP.2.4.1.pack
                Keil.STM32F1xx_DFP.2.4.1
                STMicroelectronics STM32F1 Series Device Support, Drivers and Examples

<h2>Collection of Component include folders:</h2>
  E:/Applications/Keil_5/ARM/PACK/Keil/STM32F1xx_DFP/2.4.1/Device/Include

<h2>Collection of Component Files used:</h2>
Build Time Elapsed:  00:00:02
</pre>
</body>
</html>
