C51 COMPILER V9.54   MAIN                                                                  12/27/2017 16:46:30 PAGE 1   


C51 COMPILER V9.54, COMPILATION OF MODULE MAIN
OBJECT MODULE PLACED IN .\Objects\main.obj
COMPILER INVOKED BY: C:\keil   55\C51\BIN\C51.EXE main.c OPTIMIZE(8,SPEED) BROWSE DEBUG OBJECTEXTEND PRINT(.\Listings\ma
                    -in.lst) TABS(2) OBJECT(.\Objects\main.obj)

line level    source

   1          #include <STC15F2K60S2.h>
   2          #include <intrins.h>
   3          #include <ds1302.h>
   4          
   5          #define uint unsigned int
   6          #define uchar unsigned char
   7          #define somenop {_nop_();_nop_();_nop_();_nop_();_nop_();_nop_();_nop_();_nop_();_nop_();_nop_();}
   8          #define TX P10
   9          #define RX P11
  10          uchar code tab[12]={0xc0,0xf9,0xa4,0xb0,0x99,0x92,0x82,0xf8,0x80,0x90,0xbf,0xff};
  11          uchar dsbuff[8]={11,11,11,11,11,11,11,11};
  12          uchar discount;
  13          uint distance;
  14          uint distance1;
  15          uchar count0;
  16          uchar flag1;
  17          uint t;
  18          uint baojingdistance=20;
  19          
  20          void allinit()
  21          {
  22   1        P2=0XA0;P0=0X00;
  23   1        P2=0X80;P0=0XFF;
  24   1        P2=0XC0;P0=0XFF;
  25   1        P2=0XE0;P0=0XFF;
  26   1      }
  27          
  28          void display()
  29          {
  30   1        P2=0XEF;
  31   1        P0=0XFF;
  32   1        P2=0X1F;
  33   1        
  34   1        P2=0XCF;
  35   1        P0=1<<discount;
  36   1        P2=0X1F;
  37   1        
  38   1        P2=0XEF;
  39   1        P0=tab[dsbuff[discount]];
  40   1        P2=0X1F;
  41   1        
  42   1        if(++discount==8) discount=0;
  43   1      }
  44          
  45          void sendwave()
  46          {
  47   1        uchar i;
  48   1        for(i=0;i<7;i++)
  49   1        {
  50   2          TX=1;
  51   2          somenop;somenop;somenop;somenop;somenop;
  52   2          somenop;somenop;somenop;somenop;somenop;
  53   2          TX=0;
  54   2          somenop;somenop;somenop;somenop;somenop;
C51 COMPILER V9.54   MAIN                                                                  12/27/2017 16:46:30 PAGE 2   

  55   2          somenop;somenop;somenop;somenop;somenop;
  56   2        }
  57   1      }
  58          
  59          uint getdistance()
  60          {
  61   1        sendwave();  //发送方波信号
  62   1        TR1=1;  //启动计时
  63   1        while((RX==1) && (TF1==0));  //等待收到脉冲
  64   1        TR1=0;  //关闭计时    
  65   1        if(TF1==1)//发生溢出
  66   1          {
  67   2            TF1=0;
  68   2            distance=99;  //无返回
  69   2          }
  70   1        else
  71   1          {   
  72   2            t=TH1;// 计算时间  
  73   2            t<<=8;
  74   2            t|=TL1;
  75   2            distance=(uint)(t*0.017);  //计算距离 
  76   2            distance=distance/12;
  77   2          }
  78   1        TH1=0;
  79   1        TL1=0;
  80   1        return distance;
  81   1      }
  82          
  83          void Timer0Init(void)   //2毫秒@11.0592MHz
  84          {
  85   1        AUXR |= 0x80;         //定时器时钟1T模式
  86   1        TMOD &= 0xF0;         //设置定时器模式
  87   1        TL0 = 0x9A;           //设置定时初值
  88   1        TH0 = 0xA9;           //设置定时初值
  89   1        TF0 = 0;              //清除TF0标志
  90   1        TR0 = 1;              //定时器0开始计时
  91   1        EA=1;
  92   1        ET0=1;
  93   1      }
  94          
  95          void Timer1Init(void)   //2毫秒@11.0592MHz
  96          {
  97   1        AUXR |= 0x40;   //定时器时钟1T模式
  98   1        TMOD &= 0x0F;   //设置定时器模式
  99   1        TL1 = 0;        //设置定时初值
 100   1        TH1 = 0;        //设置定时初值
 101   1        TF1 = 0;        //清除TF1标志
 102   1        TR1 = 0;        //定时器1开始计时
 103   1      }
 104          
 105          void main()
 106          {
 107   1        allinit();
 108   1        Timer0Init();
 109   1        Timer1Init();
 110   1        dswrite();
 111   1        while(1)
 112   1        {
 113   2          dsread();
 114   2          if(flag1==1)
 115   2          {
 116   3          flag1=0;
C51 COMPILER V9.54   MAIN                                                                  12/27/2017 16:46:30 PAGE 3   

 117   3          distance1=getdistance();
 118   3          }
 119   2          dsbuff[7]=shijian[0]%10;
 120   2          dsbuff[6]=shijian[0]/10;
 121   2          dsbuff[5]=10;
 122   2          dsbuff[4]=shijian[1]%10;
 123   2          dsbuff[3]=shijian[1]/10;
 124   2          dsbuff[2]=10;
 125   2          dsbuff[1]=shijian[2]%10;
 126   2          dsbuff[0]=shijian[2]/10;
 127   2          
 128   2      //    dsbuff[7]=distance1%10;
 129   2      //    dsbuff[6]=distance1/10;
 130   2      //    
 131   2      //    dsbuff[1]=baojingdistance%10;
 132   2      //    dsbuff[0]=baojingdistance/10;
 133   2          
 134   2          if(distance1<baojingdistance)
 135   2          {
 136   3            P2=0xa0;
 137   3            P0=0x40;
 138   3          }
 139   2          else 
 140   2          {
 141   3            P2=0xa0;
 142   3            P0=0x00;
 143   3          }
 144   2        }
 145   1      }
 146          
 147          void Timer0() interrupt 1
 148          {
 149   1        display();
 150   1        count0++;
 151   1        if(count0==100)
 152   1        {
 153   2        count0=0;
 154   2        flag1=1;
 155   2        }
 156   1      }


MODULE INFORMATION:   STATIC OVERLAYABLE
   CODE SIZE        =    587    ----
   CONSTANT SIZE    =     12    ----
   XDATA SIZE       =   ----    ----
   PDATA SIZE       =   ----    ----
   DATA SIZE        =     19    ----
   IDATA SIZE       =   ----    ----
   BIT SIZE         =   ----    ----
END OF MODULE INFORMATION.


C51 COMPILATION COMPLETE.  0 WARNING(S),  0 ERROR(S)
