C51 COMPILER V9.56.0.0   MAIN                                                              07/04/2019 15:45:25 PAGE 1   


C51 COMPILER V9.56.0.0, COMPILATION OF MODULE MAIN
OBJECT MODULE PLACED IN .\Objects\main.obj
COMPILER INVOKED BY: C:\Keil_C51\C51\BIN\C51.EXE main.c OPTIMIZE(8,SPEED) BROWSE INCDIR(..\Driver) DEBUG OBJECTEXTEND PR
                    -INT(.\Listings\main.lst) TABS(2) OBJECT(.\Objects\main.obj)

line level    source

   1          #include "tim.h"
   2          #include "key.h"
   3          #include "seg.h"
   4          #include "stdio.h"
   5          #include "onewire.h"
   6          
   7          unsigned int  uiSeg_Dly, uiTemp;
   8          unsigned char ucState=1, ucSec, ucLed;
   9          unsigned char ucKey_Dly, ucKey_Old;
  10          unsigned char pucSeg_Buf[9], pucSeg_Code[8], ucSeg_Pos;
  11          unsigned long ulms;
  12          
  13          void Key_Proc(void);
  14          void Seg_Proc(void);
  15          
  16          void main(void)
  17          { 
  18   1        Cls_Peripheral();
  19   1        Timer1Init();
  20   1      
  21   1        while(1)
  22   1        {
  23   2          Key_Proc();
  24   2          Seg_Proc();
  25   2        }
  26   1      }
  27          
  28          void Time_1(void) interrupt 3
  29          {
  30   1        ulms++;
  31   1        if(++ucKey_Dly == 10)
  32   1          ucKey_Dly = 0;
  33   1        if(++uiSeg_Dly == 500)
  34   1          uiSeg_Dly = 0;
  35   1        if(!(ulms % 1000))
  36   1          ucSec++;
  37   1        Seg_Disp(pucSeg_Code, ucSeg_Pos);
  38   1        if(++ucSeg_Pos == 8) ucSeg_Pos = 0;
  39   1      }
  40          
  41          void Key_Proc(void)
  42          {
  43   1        unsigned char ucKey_Val, ucKey_Down;
  44   1      
  45   1        if(ucKey_Dly) return;
  46   1        ucKey_Dly = 1;
  47   1      
  48   1        ucKey_Val = Key_Read();
  49   1        ucKey_Down = ucKey_Val & (ucKey_Old ^ ucKey_Val);
  50   1        ucKey_Old = ucKey_Val;
  51   1      
  52   1        if(ucKey_Down == 4)
  53   1          if(++ucState == 2)
  54   1            ucState = 0;
C51 COMPILER V9.56.0.0   MAIN                                                              07/04/2019 15:45:25 PAGE 2   

  55   1      
  56   1        Led_Disp(ucState+1);
  57   1      }
  58          
  59          void Seg_Proc(void)
  60          {
  61   1        if(uiSeg_Dly) return;
  62   1        uiSeg_Dly = 1;
  63   1      
  64   1        switch(ucState)
  65   1        {
  66   2          case 0:
  67   2            sprintf(pucSeg_Buf, "1 %06u", (unsigned int)ucSec);
  68   2            break;
  69   2          case 1:
  70   2            uiTemp = rd_temperature();
  71   2            sprintf(pucSeg_Buf, "2   %04.2f", uiTemp/16.0);
  72   2        }
  73   1        Seg_Tran(pucSeg_Buf, pucSeg_Code);
  74   1      }


MODULE INFORMATION:   STATIC OVERLAYABLE
   CODE SIZE        =    324    ----
   CONSTANT SIZE    =     18    ----
   XDATA SIZE       =   ----    ----
   PDATA SIZE       =   ----    ----
   DATA SIZE        =     31    ----
   IDATA SIZE       =   ----    ----
   BIT SIZE         =   ----    ----
END OF MODULE INFORMATION.


C51 COMPILATION COMPLETE.  0 WARNING(S),  0 ERROR(S)
