C51 COMPILER V9.60.7.0   DELAY                                                             03/05/2024 21:15:50 PAGE 1   


C51 COMPILER V9.60.7.0, COMPILATION OF MODULE DELAY
OBJECT MODULE PLACED IN .\Objects\delay.obj
COMPILER INVOKED BY: E:\Applications\Keil_5\C51\BIN\C51.EXE ..\Sys\delay.c OPTIMIZE(8,SPEED) BROWSE INCDIR(..\Driver;..\
                    -Sys) DEBUG OBJECTEXTEND PRINT(.\Listings\delay.lst) OBJECT(.\Objects\delay.obj)

line level    source

   1          # include "delay.h"
   2          
   3          
   4          //函数名：延时毫秒函数
   5          //入口参数：延时的数值，2个字节，16位，0---65535
   6          //返回值：无
   7          //函数功能：延时一定的毫秒数据
   8          void Delay(unsigned int num)
   9          {
  10   1              unsigned int i;
  11   1              while(num--)
  12   1              for(i=0; i<628; i++);
  13   1      }


MODULE INFORMATION:   STATIC OVERLAYABLE
   CODE SIZE        =     30    ----
   CONSTANT SIZE    =   ----    ----
   XDATA SIZE       =   ----    ----
   PDATA SIZE       =   ----    ----
   DATA SIZE        =   ----    ----
   IDATA SIZE       =   ----    ----
   BIT SIZE         =   ----    ----
END OF MODULE INFORMATION.


C51 COMPILATION COMPLETE.  0 WARNING(S),  0 ERROR(S)
