C51 COMPILER V9.60.7.0   LED                                                               03/22/2024 20:55:23 PAGE 1   


C51 COMPILER V9.60.7.0, COMPILATION OF MODULE LED
OBJECT MODULE PLACED IN .\Objects\Led.obj
COMPILER INVOKED BY: E:\Applications\Keil_5\C51\BIN\C51.EXE ..\Driver\Led.c OPTIMIZE(8,SPEED) BROWSE INCDIR(..\Driver) D
                    -EBUG OBJECTEXTEND PRINT(.\Listings\Led.lst) OBJECT(.\Objects\Led.obj)

line level    source

   1          #include <Led.h>
   2          
   3          void Led_Disp(unsigned char addr,enable)
   4          {
   5   1              static unsigned char temp = 0x00;
   6   1              static unsigned char temp_old = 0xff;
   7   1              if(enable)
   8   1                      temp |= 0x01 << addr;
   9   1              else
  10   1                      temp &= ~(0x01 << addr);
  11   1              if(temp != temp_old)
  12   1              {
  13   2                      P0 = ~temp;
  14   2                      P2 = P2 & 0x1f | 0x80;
  15   2                      P2 &= 0x1f;
  16   2                      temp_old = temp;
  17   2              }
  18   1      }
  19          


MODULE INFORMATION:   STATIC OVERLAYABLE
   CODE SIZE        =     59    ----
   CONSTANT SIZE    =   ----    ----
   XDATA SIZE       =   ----    ----
   PDATA SIZE       =   ----    ----
   DATA SIZE        =      2    ----
   IDATA SIZE       =   ----    ----
   BIT SIZE         =   ----    ----
END OF MODULE INFORMATION.


C51 COMPILATION COMPLETE.  0 WARNING(S),  0 ERROR(S)
