C51 COMPILER V9.52.0.0   EX7                                                               01/24/2015 21:12:31 PAGE 1   


C51 COMPILER V9.52.0.0, COMPILATION OF MODULE EX7
OBJECT MODULE PLACED IN ex7.OBJ
COMPILER INVOKED BY: D:\Keil\C51\BIN\C51.EXE ex7.c BROWSE DEBUG OBJECTEXTEND

line level    source

   1          /*******************************************************************************  
   2          * 文件名称：数码管控制实验
   3          * 实验目的：1.掌握数码管动态扫描的基本原理,掌握数码管消除“鬼影”的方法
   4          *           2.掌握51单片机定时器工作模式和配置方法
   5          *           3.掌握keil uvision集成开发环境下，中断服务函数设计方法
   6          * 程序说明：无
   7          * 硬件环境：IAP15F2K61S2@11.0592MHz
   8          * 日期版本：2012-9-4/V1.0a 
   9          *******************************************************************************/
  10          
  11          #include "reg52.h"  //定义51单片机特殊功能寄存器
  12          #include "absacc.h"
  13          
  14          sfr AUXR = 0x8E;
  15                                     //  0    1    2    3    4    5    6    7    8    9   熄灭
  16          code unsigned char tab[] = { 0xc0,0xf9,0xa4,0xb0,0x99,0x92,0x82,0xf8,0x80,0x90,0xFF};
  17          unsigned char dspbuf[8] = {10,10,10,10,10,10,10,10};  //显示缓冲区
  18          unsigned char dspcom = 0;
  19          
  20          unsigned char ms = 0;
  21          unsigned char counter = 0;      //200ms 加1,最大值255
  22          
  23          void display(void);
  24          
  25          //
  26          void cls_buzz(void)
  27          {
  28   1              XBYTE[0xA000] = 0x00;
  29   1      }
  30          //
  31          void cls_led(void)
  32          {
  33   1              XBYTE[0x8000] = 0xFF;
  34   1      }
  35          
  36          //主函数
  37          void main(void)
  38          { 
  39   1              cls_buzz();
  40   1              cls_led();
  41   1              
  42   1              AUXR |= 0x80;   //1T模式，IAP15F2K61S2单片机特殊功能寄存器
  43   1              
  44   1              TMOD &= 0xF0;
  45   1              TL0 = 0xCD;     
  46   1              TH0 = 0xD4;     
  47   1              TF0 = 0;        
  48   1              TR0 = 1;
  49   1              ET0 = 1;
  50   1              EA = 1;
  51   1          
  52   1          while(1)
  53   1          {
  54   2                      if(counter >= 100){
  55   3                              dspbuf[5] = counter/100;
C51 COMPILER V9.52.0.0   EX7                                                               01/24/2015 21:12:31 PAGE 2   

  56   3                      }
  57   2                      else{
  58   3                              dspbuf[5] = 10;
  59   3                      }
  60   2                      if(counter >= 10)
  61   2                      {
  62   3                              dspbuf[6] = counter%100/10;
  63   3                      }
  64   2                      else{
  65   3                              dspbuf[6] = 10;
  66   3                      }
  67   2                      dspbuf[7] = counter%10;
  68   2          }
  69   1      }
  70          
  71          //定时器中断服务函数
  72          void isr_timer_0(void)  interrupt 1  //默认中断优先级 1
  73          {
  74   1          if(++ms == 200){
  75   2                      ms = 0;
  76   2                      counter++;
  77   2              }               
  78   1              display();  //1ms执行一次
  79   1      }
  80          
  81          //显示函数
  82          void display(void)
  83          {   
  84   1              XBYTE[0xE000] = 0xff;  //消隐
  85   1              
  86   1              XBYTE[0xC000] = (1<<dspcom);
  87   1          XBYTE[0xE000] = tab[dspbuf[dspcom]]; //段码
  88   1         
  89   1          if(++dspcom == 8){
  90   2              dspcom = 0;
  91   2          }   
  92   1      }


MODULE INFORMATION:   STATIC OVERLAYABLE
   CODE SIZE        =    215    ----
   CONSTANT SIZE    =     11    ----
   XDATA SIZE       =   ----    ----
   PDATA SIZE       =   ----    ----
   DATA SIZE        =     11    ----
   IDATA SIZE       =   ----    ----
   BIT SIZE         =   ----    ----
END OF MODULE INFORMATION.


C51 COMPILATION COMPLETE.  0 WARNING(S),  0 ERROR(S)
