C51 COMPILER V9.60.7.0   INIT                                                              04/07/2024 22:08:24 PAGE 1   


C51 COMPILER V9.60.7.0, COMPILATION OF MODULE INIT
OBJECT MODULE PLACED IN .\Objects\init.obj
COMPILER INVOKED BY: E:\Applications\Keil_5\C51\BIN\C51.EXE ..\driver\init.c OPTIMIZE(8,SPEED) BROWSE INCDIR(..\driver;.
                    -.\user) DEBUG OBJECTEXTEND PRINT(.\Listings\init.lst) OBJECT(.\Objects\init.obj)

line level    source

   1          #include "init.h"
   2          void System_Init()
   3          {
   4   1          P0 = 0xff;
   5   1          P2 = P2 & 0x1f | 0x80;
   6   1          P2 &= 0x1f;
   7   1      
   8   1          P0 = 0x00;
   9   1          P2 = P2 & 0x1f | 0xa0;
  10   1          P2 &= 0x1f;
  11   1      }


MODULE INFORMATION:   STATIC OVERLAYABLE
   CODE SIZE        =     29    ----
   CONSTANT SIZE    =   ----    ----
   XDATA SIZE       =   ----    ----
   PDATA SIZE       =   ----    ----
   DATA SIZE        =   ----    ----
   IDATA SIZE       =   ----    ----
   BIT SIZE         =   ----    ----
END OF MODULE INFORMATION.


C51 COMPILATION COMPLETE.  0 WARNING(S),  0 ERROR(S)
