C51 COMPILER V9.60.7.0   LED                                                               04/07/2024 22:08:24 PAGE 1   


C51 COMPILER V9.60.7.0, COMPILATION OF MODULE LED
OBJECT MODULE PLACED IN .\Objects\Led.obj
COMPILER INVOKED BY: E:\Applications\Keil_5\C51\BIN\C51.EXE ..\driver\Led.c OPTIMIZE(8,SPEED) BROWSE INCDIR(..\driver;..
                    -\user) DEBUG OBJECTEXTEND PRINT(.\Listings\Led.lst) OBJECT(.\Objects\Led.obj)

line level    source

   1          #include "Led.h"
   2          
   3          void Led_Disp(unsigned char addr, bit enable)
   4          {
   5   1          static unsigned char temp = 0x00;
   6   1          static unsigned char temp_old = 0xff;
   7   1          if (enable)
   8   1              temp |= 0x01 << addr;
   9   1          else
  10   1              temp &= ~(0x01 << addr);
  11   1      
  12   1          if (temp != temp_old)
  13   1          {
  14   2              P0 = ~temp;
  15   2              P2 = P2 & 0x1f | 0x80;
  16   2              P2 &= 0x1f;
  17   2              temp_old = temp;
  18   2          }
  19   1      }


MODULE INFORMATION:   STATIC OVERLAYABLE
   CODE SIZE        =     58    ----
   CONSTANT SIZE    =   ----    ----
   XDATA SIZE       =   ----    ----
   PDATA SIZE       =   ----    ----
   DATA SIZE        =      2    ----
   IDATA SIZE       =   ----    ----
   BIT SIZE         =   ----       1
END OF MODULE INFORMATION.


C51 COMPILATION COMPLETE.  0 WARNING(S),  0 ERROR(S)
