<html>
<body>
<pre>
<h1>礦ision Build Log</h1>
<h2>Tool Versions:</h2>
IDE-Version: μVision V5.38.0.0
Copyright (C) 2022 ARM Ltd and ARM Germany GmbH. All rights reserved.
License Information: py S, null, LIC=KRMW3-ARQWL-TGS7T-R56CT-6UJX3-6E4M5
 
Tool Versions:
Toolchain:       MDK-ARM Plus  Version: 5.38.0.0
Toolchain Path:  E:\Applications\Keil_5\ARM\compiler V5\Bin
C Compiler:      Armcc.exe V5.06 update 7 (build 960)
Assembler:       Armasm.exe V5.06 update 7 (build 960)
Linker/Locator:  ArmLink.exe V5.06 update 7 (build 960)
Library Manager: ArmAr.exe V5.06 update 7 (build 960)
Hex Converter:   FromElf.exe V5.06 update 7 (build 960)
CPU DLL:         SARMCM3.DLL V5.38.0.0
Dialog DLL:      DARMSTM.DLL V1.69.1.0
Target DLL:      CMSIS_AGDI.dll V1.33.15.0
Dialog DLL:      TARMSTM.DLL V1.67.1.0
 
<h2>Project:</h2>
C:\Codefield\code_c\Embedded learning_STM32\无人机_c8t6pwn_lcd_key_uart1 basic1_backup_uart_select_task\无人机_c8t6pwn_lcd_key_uart1 basic1_backup_uart_select_task\Project\Template.uvprojx
Project File Date:  07/22/2023

<h2>Output:</h2>
*** Using Compiler 'V5.06 update 7 (build 960)', folder: 'E:\Applications\Keil_5\ARM\compiler V5\Bin'
Build target 'Target 1'
assembling startup_stm32f10x_md.s...
compiling config.c...
compiling delay.c...
compiling sys.c...
compiling key.c...
compiling core_cm3.c...
compiling led.c...
compiling oled.c...
compiling misc.c...
compiling ir.c...
compiling system_stm32f10x.c...
compiling stm32f10x_it.c...
..\Source\stm32f10x_it.c(119): warning:  #550-D: variable "buff"  was set but never used
  u8 buff;
..\Source\stm32f10x_it.c: 1 warning, 0 errors
compiling UART.c...
compiling timer.c...
compiling main.c...
compiling stm32f10x_dbgmcu.c...
compiling stm32f10x_exti.c...
compiling stm32f10x_gpio.c...
compiling stm32f10x_flash.c...
compiling stm32f10x_fsmc.c...
compiling stm32f10x_pwr.c...
compiling stm32f10x_rtc.c...
compiling stm32f10x_rcc.c...
compiling stm32f10x_sdio.c...
compiling stm32f10x_usart.c...
compiling stm32f10x_tim.c...
linking...
Program Size: Code=13040 RO-data=2340 RW-data=3616 ZI-data=4080  
"..\Output\Template.axf" - 0 Error(s), 1 Warning(s).

<h2>Software Packages used:</h2>

Package Vendor: Keil
                https://www.keil.com/pack/Keil.STM32F1xx_DFP.2.4.1.pack
                Keil.STM32F1xx_DFP.2.4.1
                STMicroelectronics STM32F1 Series Device Support, Drivers and Examples

<h2>Collection of Component include folders:</h2>
  E:/Applications/Keil_5/ARM/PACK/Keil/STM32F1xx_DFP/2.4.1/Device/Include

<h2>Collection of Component Files used:</h2>
Build Time Elapsed:  00:00:01
</pre>
</body>
</html>
