C51 COMPILER V9.52.0.0   EX10                                                              01/24/2015 22:48:30 PAGE 1   


C51 COMPILER V9.52.0.0, COMPILATION OF MODULE EX10
OBJECT MODULE PLACED IN ex10.OBJ
COMPILER INVOKED BY: D:\Keil\C51\BIN\C51.EXE ex10.c BROWSE DEFINE(ADC_PCF8591) DEBUG OBJECTEXTEND

line level    source

   1          /*******************************************************************************  
   2          * 文件名称：ADC转换实验
   3          * 实验目的：1.掌握I2C总线通讯基本特点和工作时序
   4          *           2.掌握51单片机模拟I2C总线时序的程序设计方法
   5          *           3.掌握PCF8591 ADC芯片的操作方法
   6          * 程序说明：1.使用程序前在 Preprocessor Symbols 中增加宏定义ADC_PCF8591
   7          *           2.调节电位器Rb2，观察数码管显示情况
   8          * 硬件环境：IAP15F2K61S2@11.0592MHz
   9          * 日期版本：2012-9-5/V1.0a 
  10          *******************************************************************************/
  11          
  12          #include "reg52.h"  //定义51单片机特殊功能寄存器
  13          #include "i2c.h"    //I2C总线驱动库 
  14          #include "absacc.h"
  15          
  16          sfr AUXR = 0x8E;        //IAP15F2K61S2单片机特殊功能寄存器
  17          
  18          code unsigned char tab[] = { 0xc0,0xf9,0xa4,0xb0,0x99,0x92,0x82,0xf8,0x80,0x90,
  19                                       0xff
  20                                     };
  21          unsigned char dspbuf[8] = {10,10,10,10,10,10,10,10};  //显示缓冲区
  22          unsigned char dspcom = 0;
  23          unsigned char intr;
  24          bit adc_flag;
  25          
  26          void display(void);
  27          
  28          void cls_buzz()
  29          {
  30   1              XBYTE[0xA000] = 0;
  31   1      }
  32          void cls_led()
  33          {
  34   1              XBYTE[0x8000] = 0xFF;
  35   1      }
  36          
  37          //主函数
  38          void main(void)
  39          { 
  40   1          unsigned char adc_value;  //ADC转换数据 
  41   1              
  42   1              cls_buzz();cls_led();
  43   1              P1 &= 0x7f;
  44   1                      
  45   1              AUXR |= 0x80;
  46   1              TMOD &= 0xF0;
  47   1              TL0 = 0xCD;     
  48   1              TH0 = 0xD4;     
  49   1              TF0 = 0;        
  50   1              TR0 = 1;
  51   1              ET0 = 1;
  52   1              EA = 1;
  53   1      
  54   1              init_pcf8591();  //PCF8591初始化      
  55   1          
C51 COMPILER V9.52.0.0   EX10                                                              01/24/2015 22:48:30 PAGE 2   

  56   1          while(1)
  57   1          {
  58   2                      if(adc_flag)
  59   2                      {
  60   3                              adc_flag = 0;  //清除ADC扫描标志位 
  61   3                              adc_value = adc_pcf8591();
  62   3                              //更新显示数据
  63   3                              (adc_value>= 100)?(dspbuf[5] = adc_value/100):(dspbuf[5] = 10);       
  64   3                              (adc_value>=10)?(dspbuf[6] = adc_value%100/10):(dspbuf[6] = 10);       
  65   3                              dspbuf[7] = adc_value%10; 
  66   3                      }
  67   2          }
  68   1      }
  69          
  70          //定时器中断服务函数
  71          void isr_timer_0(void)  interrupt 1  //默认中断优先级 1
  72          {
  73   1          if(++intr == 50)
  74   1              {
  75   2                      intr = 0;
  76   2                      adc_flag = 1;
  77   2              } 
  78   1          display();
  79   1      }
  80          
  81          //显示函数
  82          void display(void)
  83          {   
  84   1              XBYTE[0xE000] = 0xff;  //消隐
  85   1              
  86   1              XBYTE[0xC000] = (1<<dspcom);
  87   1          XBYTE[0xE000] = tab[dspbuf[dspcom]]; //段码
  88   1         
  89   1          if(++dspcom == 8){
  90   2              dspcom = 0;
  91   2          }   
  92   1      }


MODULE INFORMATION:   STATIC OVERLAYABLE
   CODE SIZE        =    231    ----
   CONSTANT SIZE    =     11    ----
   XDATA SIZE       =   ----    ----
   PDATA SIZE       =   ----    ----
   DATA SIZE        =     10       1
   IDATA SIZE       =   ----    ----
   BIT SIZE         =      1    ----
END OF MODULE INFORMATION.


C51 COMPILATION COMPLETE.  0 WARNING(S),  0 ERROR(S)
