C51 COMPILER V9.59.0.0   LED                                                               02/13/2022 10:35:20 PAGE 1   


C51 COMPILER V9.59.0.0, COMPILATION OF MODULE LED
OBJECT MODULE PLACED IN .\Objects\LED.obj
COMPILER INVOKED BY: D:\Keil\Keil_C51\C51\BIN\C51.EXE LED.c OPTIMIZE(8,SPEED) BROWSE DEBUG OBJECTEXTEND PRINT(.\Listings
                    -\LED.lst) TABS(2) OBJECT(.\Objects\LED.obj)

line level    source

   1          #include "LED.h"
   2          
   3          code unsigned char tab[] = {0xc0,0xf9,0xa4,0xb0,0x99,0x92,0x82,0xf8,0x80,0x90, 0xFF, 0xBF};
   4          
   5          
   6          void Delay1ms()   //@11.0592MHz
   7          {
   8   1        unsigned char i, j;
   9   1      
  10   1        _nop_();
  11   1        _nop_();
  12   1        _nop_();
  13   1        i = 11;
  14   1        j = 190;
  15   1        do
  16   1        {
  17   2          while (--j);
  18   2        } while (--i);
  19   1      }
  20          
  21          void DS1(unsigned char yi, unsigned char er, unsigned char san, unsigned char si, unsigned char wu)
  22          {
  23   1        unsigned char wei = 0x01;
  24   1        
  25   1        P2 = Y6;
  26   1        P0 = wei<<0;
  27   1        P2 = Y7;
  28   1        P0 = tab[yi];
  29   1        Delay1ms();
  30   1        P2 = 0x00;
  31   1        
  32   1        P2 = Y6;
  33   1        P0 = wei<<1;
  34   1        P2 = Y7;
  35   1        P0 = tab[er];
  36   1        Delay1ms();
  37   1        P2 = 0x00;
  38   1        
  39   1        P2 = Y6;
  40   1        P0 = wei<<2;
  41   1        P2 = Y7;
  42   1        P0 = tab[san];
  43   1        Delay1ms();
  44   1        P2 = 0x00;
  45   1        
  46   1        P2 = Y6;
  47   1        P0 = wei<<3;
  48   1        P2 = Y7;
  49   1        P0 = tab[si];
  50   1        Delay1ms();
  51   1        P2 = 0x00;
  52   1        
  53   1        P2 = Y6;
  54   1        P0 = wei<<4;
C51 COMPILER V9.59.0.0   LED                                                               02/13/2022 10:35:20 PAGE 2   

  55   1        P2 = Y7;
  56   1        P0 = tab[wu];
  57   1        Delay1ms();
  58   1        P2 = 0x00;
  59   1      }
  60          
  61          void DS2(unsigned char yi, unsigned char er, unsigned char san)
  62          {
  63   1        unsigned char wei = 0x80;
  64   1        
  65   1        P2 = Y6;
  66   1        P0 = wei>>2;
  67   1        P2 = Y7;
  68   1        P0 = tab[yi];
  69   1        Delay1ms();
  70   1        P2 = 0x00;
  71   1        
  72   1        P2 = Y6;
  73   1        P0 = wei>>1;
  74   1        P2 = Y7;
  75   1        P0 = tab[er];
  76   1        Delay1ms();
  77   1        P2 = 0x00;
  78   1        
  79   1        P2 = Y6;
  80   1        P0 = wei>>0;
  81   1        P2 = Y7;
  82   1        P0 = tab[san];
  83   1        Delay1ms();
  84   1        P2 = 0x00;
  85   1      }


MODULE INFORMATION:   STATIC OVERLAYABLE
   CODE SIZE        =    186    ----
   CONSTANT SIZE    =     12    ----
   XDATA SIZE       =   ----    ----
   PDATA SIZE       =   ----    ----
   DATA SIZE        =   ----       5
   IDATA SIZE       =   ----    ----
   BIT SIZE         =   ----    ----
END OF MODULE INFORMATION.


C51 COMPILATION COMPLETE.  0 WARNING(S),  0 ERROR(S)
