<html>
<body>
<pre>
<h1>µVision Build Log</h1>
<h2>Tool Versions:</h2>
IDE-Version: ¦ÌVision V5.38.0.0
Copyright (C) 2022 ARM Ltd and ARM Germany GmbH. All rights reserved.
License Information: py S, null, LIC=KRMW3-ARQWL-TGS7T-R56CT-6UJX3-6E4M5
 
Tool Versions:
Toolchain:       MDK-ARM Plus  Version: 5.38.0.0
Toolchain Path:  E:\Applications\Keil_5\ARM\compiler V5\Bin
C Compiler:      Armcc.exe V5.06 update 7 (build 960)
Assembler:       Armasm.exe V5.06 update 7 (build 960)
Linker/Locator:  ArmLink.exe V5.06 update 7 (build 960)
Library Manager: ArmAr.exe V5.06 update 7 (build 960)
Hex Converter:   FromElf.exe V5.06 update 7 (build 960)
CPU DLL:         SARMCM3.DLL V5.38.0.0
Dialog DLL:      DCM.DLL V1.17.5.0
Target DLL:      CMSIS_AGDI.dll V1.33.15.0
Dialog DLL:      TCM.DLL V1.56.4.0
 
<h2>Project:</h2>
C:\Codefield\code_c\Embedded learning_STM32\LX_2_BASE1_103_voice_to_uart3_gpio_task1_io2_io7_task1_ok_task2ok_task4\ProjectSTM32F407\ANO_LX_STM32F407.uvprojx
Project File Date:  07/27/2023

<h2>Output:</h2>
*** Using Compiler 'V5.06 update 7 (build 960)', folder: 'E:\Applications\Keil_5\ARM\compiler V5\Bin'
Build target 'Ano_LX'
compiling DataScope_DP.C...
compiling main.c...
compiling Ano_Math.c...
compiling Drv_AnoOf.c...
compiling LX_FC_State.c...
compiling Drv_BSP.c...
compiling LX_FC_EXT_Sensor.c...
compiling User_Task.c...
compiling ANO_LX.c...
compiling LX_FC_Fun.c...
compiling Ano_Scheduler.c...
compiling Drv_UbloxGPS.c...
compiling stm32f4xx_it.c...
compiling ANO_DT_LX.c...
compiling Drv_Sys.c...
assembling startup_stm32f4xx.s...
compiling Drv_adc.c...
compiling Drv_led.c...
compiling Drv_PwmOut.c...
compiling Drv_RcIn.c...
compiling Drv_Timer.c...
compiling I2C_Init.c...
compiling ks103.c...
compiling task_call.c...
compiling Drv_Uart.c...
compiling system_stm32f4xx.c...
compiling misc.c...
compiling stm32f4xx_adc.c...
compiling stm32f4xx_dma.c...
compiling stm32f4xx_exti.c...
compiling stm32f4xx_flash.c...
compiling stm32f4xx_gpio.c...
compiling stm32f4xx_spi.c...
compiling stm32f4xx_rcc.c...
compiling stm32f4xx_usart.c...
compiling stm32f4xx_tim.c...
linking...
Program Size: Code=61816 RO-data=2324 RW-data=856 ZI-data=6536  
FromELF: creating hex file...
After Build - User command #1: fromelf.exe --bin -o ./ANO-LX.bin ./build/Ano_LX.axf
".\build\ANO_LX.axf" - 0 Error(s), 0 Warning(s).

<h2>Software Packages used:</h2>

Package Vendor: Keil
                https://www.keil.com/pack/Keil.STM32F4xx_DFP.2.17.1.pack
                Keil.STM32F4xx_DFP.2.17.1
                STMicroelectronics STM32F4 Series Device Support, Drivers and Examples

<h2>Collection of Component include folders:</h2>
  E:/Applications/Keil_5/ARM/PACK/Keil/STM32F4xx_DFP/2.17.1/Drivers/CMSIS/Device/ST/STM32F4xx/Include

<h2>Collection of Component Files used:</h2>
Build Time Elapsed:  00:00:02
</pre>
</body>
</html>
